####################################################################################################
#                                                                                                  #
#              THALOS PRIME BABEL SEARCH-EXPANSION ENGINE - COMPLETE ANALYSIS REPORT               #
#                                                                                                  #
####################################################################################################

====================================================================================================
SECTION 0: EXECUTIVE SUMMARY
====================================================================================================

This document presents the complete analysis of the input query: 'X'
The analysis was performed using the Thalos Prime Babel Search-Expansion Engine.
All results are deterministic and reproducible using the same input.

KEY METRICS:
  - Input Token: X
  - Match Score: 6.0106%
  - Source Mode: babel_search
  - Total Page Length: 2000 characters
  - Total Words Generated: 31
  - Unique Words: 31
  - Unique Characters: 69

====================================================================================================
SECTION 1: COMPLETE EXPANDED TEXT (FULL OUTPUT - NO TRUNCATION)
====================================================================================================

 EUY.HlgML2JsXqBXJRyD9RcTZc-P;D7LtAsv5bPUW5jqjV0CXgp:a6fkiu0nnstmTF_zbDUXTiX5sbE5d3cnjnb CvzDT,qjHsVc539eYn;mPK,XPU:qquAINFXSasF8 Ylu0nrGw DA9NH9;ic0yACaJUKf7ErAUX;TG-sPD05Vuu;0sCd16dZ1C-5TMCS,IcQYthOUbTd-R.tePoeHj7zkwJTZzJW MXrq;KcG0jSeVrMxXScp.WJk,0thjoKWgmHnJYI,nuV7xg4r 1Yf7jXJBPuL_X,5mBELDKmKChBHvLUDfLi,QEKUC5TuT-cy8gbf6A5:92gXzevH2G.41C-O5bxp7IE Lo7Ty9mM36zGA54DhWS0CRlZJJCddas9RL _oXyHtizho55TXNSWQKA26AOppwm7rn:HWk8N75y0ASd79mjE F7plLzwGTyfv0JUgW m.5M-U:Y;-gUQ2QYLAMK.I-6WwWCPXEcQUobFy2nY2_wUKHLvjsWqHMrZB.8dhzO5mhCQMXBfG.AvBN1vwNkk3dr;HzAXAEK_F8lCXIZpf-9p:Sm_9Ytd8P0F7.aq C5:BkTpRAQb,wV7NVg8:la-pH7T8K2w2;BT X1Is9wJ7:YAvm3i x6bIwBzv6LTNJkEug1IwVNc7M.9zhsFNa4PG7n14x,DVNV1oQ;_3N0Gn:J7c_svGQZxhXTnbb,i4DsWJapNKMs6V4Wrr8DIhsMjz9K4O-QPW5C,kjY2ajhBai,T35X5p Nifd.Q6_cFPU9JaILyAsAO3TYC; Oynp,1iZgd25PQiS7KuEXDxeqRbU-as4gX7XqjK3qX1uURbIDUCzs0JkGhScKAb4:twcd.N2VQMwiDNzUHm60GXCW.qZ;hBI7xKOFRds6E_X_C;kaJPRLD,AYRzSK:4AI:B.1038Er8-LEHgmSzecyLVV28sDpKX09AEp6xJpQ7H9l0K0hXPRY182OoLTwfAxDJ8nS796i6gQwJfJ6q8wu:H3-4iMSZhW8x8pB9k0G9X5F WR0rLuiPkmTo;bj6.EiGp;dmC7Mdm_A_xxZPo,:qlQglEn1Jk8dz;.LE;vfwQsszB1lQOJpy9,b9piFb.k,ZanCh-EruLLszl.Kkkl;EOYkoUyBYUOvEuLci7hG30M6WjoLmm97taXJeTdt1XjsmsYMRWN.v4JwDp2JTF5S2MfTqTUj5F;N 21karxs8HqpQLe5tiMx5ndpdk Soj0iXNMrFvCcW;KXPo_g6UD9HYfh0kNyANXH0ckw-onBycDuvR9WeQfEN3gjU0paCCw:XkKUzjtR102RPE5BKzFmmChkHNSy jWsXj0l2 G;UiCfJ7zu15;7Oyhfq8BfLaFTwlyZW0k;lXZGAGuK_Er 5lCbw,2k0o.iX7ZfHff1d0IXxG 1M-4X2VFVRhcOL8lR-Wm:Hdem5NQzXTVaLLe7Lhu2FLA8wFviCxjmSLD:JrvVM4LXbm7K Q1Wy2dW:cSZVUQXwnqY_MdbFTUVgcX8;kQwaHCgkyDziQz3_BZLA7bggFkMG;HV;kCDaVTWTWtjRarK5fbY4,KuR-hiqtoRr_zG 54,MandSLyo3ZA:VJ7PBJTXC8y7kIX9 SudPpzI Z,O1.wsaJvJZ8WavWHypeGlNJRyVAmLPxZM::YKyenEFBPp,_ 0iYDZokdkyCpa8t1DVbmEs5p43P 217R0X:6CH:ESb5mScTYwL.IqRMz:EaGpfPRKpozeXiyANEKXVaGW:m84SmMS2.eyA5kf0ZosISqijFY qXJAnrEauMXCJTeB2tZLD,kub-4939MosLwQ.qSB5vm:lOSeD8tyd3,9AG39:_hrsknjaTfWIg1ny7qaN:Eyy-nUu,Co-QWYKS:LYigze :UXeu7AfEdLXw4DyyUFqy9wly0zBfAXoTqtQ9;JddFyaGyHtXx7Wb4XBCXvf0F.d:-8SzhYoGa lYD3.pHHIO4XowdAAD,:rW0CQln8j:sZLB

====================================================================================================
SECTION 2: COMPREHENSIVE CHARACTER FREQUENCY ANALYSIS
====================================================================================================

The following table presents the complete character frequency distribution.
Each character is analyzed for its occurrence count and percentage contribution.

RANK   CHAR         COUNT      PERCENTAGE   VISUAL BAR
----------------------------------------------------------------------------------------------------
1      X            60         3.0000       ███░░░░░░░░░░░░░░░░░░░░░░░░░░░░░░░░░░░░░░░░░░░░░░░
2      L            41         2.0500       ██░░░░░░░░░░░░░░░░░░░░░░░░░░░░░░░░░░░░░░░░░░░░░░░░
3      y            38         1.9000       █░░░░░░░░░░░░░░░░░░░░░░░░░░░░░░░░░░░░░░░░░░░░░░░░░
4      7            38         1.9000       █░░░░░░░░░░░░░░░░░░░░░░░░░░░░░░░░░░░░░░░░░░░░░░░░░
5      A            38         1.9000       █░░░░░░░░░░░░░░░░░░░░░░░░░░░░░░░░░░░░░░░░░░░░░░░░░
6      C            38         1.9000       █░░░░░░░░░░░░░░░░░░░░░░░░░░░░░░░░░░░░░░░░░░░░░░░░░
7      J            37         1.8500       █░░░░░░░░░░░░░░░░░░░░░░░░░░░░░░░░░░░░░░░░░░░░░░░░░
8      5            37         1.8500       █░░░░░░░░░░░░░░░░░░░░░░░░░░░░░░░░░░░░░░░░░░░░░░░░░
9      0            37         1.8500       █░░░░░░░░░░░░░░░░░░░░░░░░░░░░░░░░░░░░░░░░░░░░░░░░░
10     T            36         1.8000       █░░░░░░░░░░░░░░░░░░░░░░░░░░░░░░░░░░░░░░░░░░░░░░░░░
11     k            36         1.8000       █░░░░░░░░░░░░░░░░░░░░░░░░░░░░░░░░░░░░░░░░░░░░░░░░░
12     W            35         1.7500       █░░░░░░░░░░░░░░░░░░░░░░░░░░░░░░░░░░░░░░░░░░░░░░░░░
13     s            34         1.7000       █░░░░░░░░░░░░░░░░░░░░░░░░░░░░░░░░░░░░░░░░░░░░░░░░░
14     :            34         1.7000       █░░░░░░░░░░░░░░░░░░░░░░░░░░░░░░░░░░░░░░░░░░░░░░░░░
15     a            33         1.6500       █░░░░░░░░░░░░░░░░░░░░░░░░░░░░░░░░░░░░░░░░░░░░░░░░░
16     z            33         1.6500       █░░░░░░░░░░░░░░░░░░░░░░░░░░░░░░░░░░░░░░░░░░░░░░░░░
17     d            33         1.6500       █░░░░░░░░░░░░░░░░░░░░░░░░░░░░░░░░░░░░░░░░░░░░░░░░░
18     K            33         1.6500       █░░░░░░░░░░░░░░░░░░░░░░░░░░░░░░░░░░░░░░░░░░░░░░░░░
19     E            32         1.6000       █░░░░░░░░░░░░░░░░░░░░░░░░░░░░░░░░░░░░░░░░░░░░░░░░░
20     p            32         1.6000       █░░░░░░░░░░░░░░░░░░░░░░░░░░░░░░░░░░░░░░░░░░░░░░░░░
21     m            32         1.6000       █░░░░░░░░░░░░░░░░░░░░░░░░░░░░░░░░░░░░░░░░░░░░░░░░░
22     w            32         1.6000       █░░░░░░░░░░░░░░░░░░░░░░░░░░░░░░░░░░░░░░░░░░░░░░░░░
23     ( )          31         1.5500       █░░░░░░░░░░░░░░░░░░░░░░░░░░░░░░░░░░░░░░░░░░░░░░░░░
24     U            31         1.5500       █░░░░░░░░░░░░░░░░░░░░░░░░░░░░░░░░░░░░░░░░░░░░░░░░░
25     D            31         1.5500       █░░░░░░░░░░░░░░░░░░░░░░░░░░░░░░░░░░░░░░░░░░░░░░░░░
26     9            31         1.5500       █░░░░░░░░░░░░░░░░░░░░░░░░░░░░░░░░░░░░░░░░░░░░░░░░░
27     H            30         1.5000       █░░░░░░░░░░░░░░░░░░░░░░░░░░░░░░░░░░░░░░░░░░░░░░░░░
28     M            30         1.5000       █░░░░░░░░░░░░░░░░░░░░░░░░░░░░░░░░░░░░░░░░░░░░░░░░░
29     S            30         1.5000       █░░░░░░░░░░░░░░░░░░░░░░░░░░░░░░░░░░░░░░░░░░░░░░░░░
30     8            30         1.5000       █░░░░░░░░░░░░░░░░░░░░░░░░░░░░░░░░░░░░░░░░░░░░░░░░░
31     Q            30         1.5000       █░░░░░░░░░░░░░░░░░░░░░░░░░░░░░░░░░░░░░░░░░░░░░░░░░
32     Y            29         1.4500       █░░░░░░░░░░░░░░░░░░░░░░░░░░░░░░░░░░░░░░░░░░░░░░░░░
33     i            29         1.4500       █░░░░░░░░░░░░░░░░░░░░░░░░░░░░░░░░░░░░░░░░░░░░░░░░░
34     j            28         1.4000       █░░░░░░░░░░░░░░░░░░░░░░░░░░░░░░░░░░░░░░░░░░░░░░░░░
35     f            28         1.4000       █░░░░░░░░░░░░░░░░░░░░░░░░░░░░░░░░░░░░░░░░░░░░░░░░░
36     B            27         1.3500       █░░░░░░░░░░░░░░░░░░░░░░░░░░░░░░░░░░░░░░░░░░░░░░░░░
37     ;            27         1.3500       █░░░░░░░░░░░░░░░░░░░░░░░░░░░░░░░░░░░░░░░░░░░░░░░░░
38     b            27         1.3500       █░░░░░░░░░░░░░░░░░░░░░░░░░░░░░░░░░░░░░░░░░░░░░░░░░
39     n            27         1.3500       █░░░░░░░░░░░░░░░░░░░░░░░░░░░░░░░░░░░░░░░░░░░░░░░░░
40     F            27         1.3500       █░░░░░░░░░░░░░░░░░░░░░░░░░░░░░░░░░░░░░░░░░░░░░░░░░
41     N            27         1.3500       █░░░░░░░░░░░░░░░░░░░░░░░░░░░░░░░░░░░░░░░░░░░░░░░░░
42     G            27         1.3500       █░░░░░░░░░░░░░░░░░░░░░░░░░░░░░░░░░░░░░░░░░░░░░░░░░
43     .            26         1.3000       █░░░░░░░░░░░░░░░░░░░░░░░░░░░░░░░░░░░░░░░░░░░░░░░░░
44     2            26         1.3000       █░░░░░░░░░░░░░░░░░░░░░░░░░░░░░░░░░░░░░░░░░░░░░░░░░
45     q            26         1.3000       █░░░░░░░░░░░░░░░░░░░░░░░░░░░░░░░░░░░░░░░░░░░░░░░░░
46     R            26         1.3000       █░░░░░░░░░░░░░░░░░░░░░░░░░░░░░░░░░░░░░░░░░░░░░░░░░
47     V            26         1.3000       █░░░░░░░░░░░░░░░░░░░░░░░░░░░░░░░░░░░░░░░░░░░░░░░░░
48     ,            26         1.3000       █░░░░░░░░░░░░░░░░░░░░░░░░░░░░░░░░░░░░░░░░░░░░░░░░░
49     1            26         1.3000       █░░░░░░░░░░░░░░░░░░░░░░░░░░░░░░░░░░░░░░░░░░░░░░░░░
50     o            26         1.3000       █░░░░░░░░░░░░░░░░░░░░░░░░░░░░░░░░░░░░░░░░░░░░░░░░░
51     Z            25         1.2500       █░░░░░░░░░░░░░░░░░░░░░░░░░░░░░░░░░░░░░░░░░░░░░░░░░
52     P            25         1.2500       █░░░░░░░░░░░░░░░░░░░░░░░░░░░░░░░░░░░░░░░░░░░░░░░░░
53     u            25         1.2500       █░░░░░░░░░░░░░░░░░░░░░░░░░░░░░░░░░░░░░░░░░░░░░░░░░
54     h            25         1.2500       █░░░░░░░░░░░░░░░░░░░░░░░░░░░░░░░░░░░░░░░░░░░░░░░░░
55     c            24         1.2000       █░░░░░░░░░░░░░░░░░░░░░░░░░░░░░░░░░░░░░░░░░░░░░░░░░
56     -            24         1.2000       █░░░░░░░░░░░░░░░░░░░░░░░░░░░░░░░░░░░░░░░░░░░░░░░░░
57     g            23         1.1500       █░░░░░░░░░░░░░░░░░░░░░░░░░░░░░░░░░░░░░░░░░░░░░░░░░
58     4            23         1.1500       █░░░░░░░░░░░░░░░░░░░░░░░░░░░░░░░░░░░░░░░░░░░░░░░░░
59     l            22         1.1000       █░░░░░░░░░░░░░░░░░░░░░░░░░░░░░░░░░░░░░░░░░░░░░░░░░
60     v            22         1.1000       █░░░░░░░░░░░░░░░░░░░░░░░░░░░░░░░░░░░░░░░░░░░░░░░░░
61     r            22         1.1000       █░░░░░░░░░░░░░░░░░░░░░░░░░░░░░░░░░░░░░░░░░░░░░░░░░
62     I            21         1.0500       █░░░░░░░░░░░░░░░░░░░░░░░░░░░░░░░░░░░░░░░░░░░░░░░░░
63     6            20         1.0000       █░░░░░░░░░░░░░░░░░░░░░░░░░░░░░░░░░░░░░░░░░░░░░░░░░
64     _            20         1.0000       █░░░░░░░░░░░░░░░░░░░░░░░░░░░░░░░░░░░░░░░░░░░░░░░░░
65     3            20         1.0000       █░░░░░░░░░░░░░░░░░░░░░░░░░░░░░░░░░░░░░░░░░░░░░░░░░
66     e            20         1.0000       █░░░░░░░░░░░░░░░░░░░░░░░░░░░░░░░░░░░░░░░░░░░░░░░░░
67     t            19         0.9500       ░░░░░░░░░░░░░░░░░░░░░░░░░░░░░░░░░░░░░░░░░░░░░░░░░░
68     x            19         0.9500       ░░░░░░░░░░░░░░░░░░░░░░░░░░░░░░░░░░░░░░░░░░░░░░░░░░
69     O            17         0.8500       ░░░░░░░░░░░░░░░░░░░░░░░░░░░░░░░░░░░░░░░░░░░░░░░░░░

====================================================================================================
SECTION 3: WORD CONSTRUCT ANALYSIS
====================================================================================================

All unique words extracted from the expanded text are listed below.
These words represent the semantic building blocks of the expansion.

Total Words: 31
Unique Words: 31
Vocabulary Richness: 100.00%

COMPLETE WORD LIST:
----------------------------------------------------------------------------------------------------
     1. EUY.HlgML2JsXqBXJRyD9RcTZc-P;D7LtAsv5bPUW5jqjV0CXgp:a6fkiu0nnstmTF_zbDUXTiX5sbE5d3cnjnb
     2. 0iYDZokdkyCpa8t1DVbmEs5p43P
     3. 5lCbw,2k0o.iX7ZfHff1d0IXxG
     4. WR0rLuiPkmTo;bj6.EiGp;dmC7Mdm_A_xxZPo,:qlQglEn1Jk8dz;.LE;vfwQsszB1lQOJpy9,b9piFb.k,ZanCh-EruLLszl.Kkkl;EOYkoUyBYUOvEuLci7hG30M6WjoLmm97taXJeTdt1XjsmsYMRWN.v4JwDp2JTF5S2MfTqTUj5F;N
     5. 1M-4X2VFVRhcOL8lR-Wm:Hdem5NQzXTVaLLe7Lhu2FLA8wFviCxjmSLD:JrvVM4LXbm7K
     6. :UXeu7AfEdLXw4DyyUFqy9wly0zBfAXoTqtQ9;JddFyaGyHtXx7Wb4XBCXvf0F.d:-8SzhYoGa
     7. x6bIwBzv6LTNJkEug1IwVNc7M.9zhsFNa4PG7n14x,DVNV1oQ;_3N0Gn:J7c_svGQZxhXTnbb,i4DsWJapNKMs6V4Wrr8DIhsMjz9K4O-QPW5C,kjY2ajhBai,T35X5p
     8. 217R0X:6CH:ESb5mScTYwL.IqRMz:EaGpfPRKpozeXiyANEKXVaGW:m84SmMS2.eyA5kf0ZosISqijFY
     9. Nifd.Q6_cFPU9JaILyAsAO3TYC;
    10. DA9NH9;ic0yACaJUKf7ErAUX;TG-sPD05Vuu;0sCd16dZ1C-5TMCS,IcQYthOUbTd-R.tePoeHj7zkwJTZzJW
    11. F7plLzwGTyfv0JUgW
    12. Oynp,1iZgd25PQiS7KuEXDxeqRbU-as4gX7XqjK3qX1uURbIDUCzs0JkGhScKAb4:twcd.N2VQMwiDNzUHm60GXCW.qZ;hBI7xKOFRds6E_X_C;kaJPRLD,AYRzSK:4AI:B.1038Er8-LEHgmSzecyLVV28sDpKX09AEp6xJpQ7H9l0K0hXPRY182OoLTwfAxDJ8nS796i6gQwJfJ6q8wu:H3-4iMSZhW8x8pB9k0G9X5F
    13. Ylu0nrGw
    14. qXJAnrEauMXCJTeB2tZLD,kub-4939MosLwQ.qSB5vm:lOSeD8tyd3,9AG39:_hrsknjaTfWIg1ny7qaN:Eyy-nUu,Co-QWYKS:LYigze
    15. jWsXj0l2
    16. SudPpzI
    17. G;UiCfJ7zu15;7Oyhfq8BfLaFTwlyZW0k;lXZGAGuK_Er
    18. 54,MandSLyo3ZA:VJ7PBJTXC8y7kIX9
    19. m.5M-U:Y;-gUQ2QYLAMK.I-6WwWCPXEcQUobFy2nY2_wUKHLvjsWqHMrZB.8dhzO5mhCQMXBfG.AvBN1vwNkk3dr;HzAXAEK_F8lCXIZpf-9p:Sm_9Ytd8P0F7.aq
    20. 1Yf7jXJBPuL_X,5mBELDKmKChBHvLUDfLi,QEKUC5TuT-cy8gbf6A5:92gXzevH2G.41C-O5bxp7IE
    21. Lo7Ty9mM36zGA54DhWS0CRlZJJCddas9RL
    22. _oXyHtizho55TXNSWQKA26AOppwm7rn:HWk8N75y0ASd79mjE
    23. C5:BkTpRAQb,wV7NVg8:la-pH7T8K2w2;BT
    24. Soj0iXNMrFvCcW;KXPo_g6UD9HYfh0kNyANXH0ckw-onBycDuvR9WeQfEN3gjU0paCCw:XkKUzjtR102RPE5BKzFmmChkHNSy
    25. X1Is9wJ7:YAvm3i
    26. Z,O1.wsaJvJZ8WavWHypeGlNJRyVAmLPxZM::YKyenEFBPp,_
    27. Q1Wy2dW:cSZVUQXwnqY_MdbFTUVgcX8;kQwaHCgkyDziQz3_BZLA7bggFkMG;HV;kCDaVTWTWtjRarK5fbY4,KuR-hiqtoRr_zG
    28. lYD3.pHHIO4XowdAAD,:rW0CQln8j:sZLB
    29. 21karxs8HqpQLe5tiMx5ndpdk
    30. CvzDT,qjHsVc539eYn;mPK,XPU:qquAINFXSasF8
    31. MXrq;KcG0jSeVrMxXScp.WJk,0thjoKWgmHnJYI,nuV7xg4r

====================================================================================================
SECTION 4: WORD LENGTH DISTRIBUTION
====================================================================================================

Analysis of word lengths to understand the structural complexity.

LENGTH     COUNT      PERCENTAGE      DISTRIBUTION
----------------------------------------------------------------------------------------------------
7          1          3.23            █
8          2          6.45            ███
15         1          3.23            █
17         1          3.23            █
25         1          3.23            █
26         1          3.23            █
27         2          6.45            ███
31         1          3.23            █
34         2          6.45            ███
35         1          3.23            █
40         1          3.23            █
45         1          3.23            █
48         1          3.23            █
49         2          6.45            ███
69         1          3.23            █
74         1          3.23            █
78         1          3.23            █
80         1          3.23            █
85         1          3.23            █
87         1          3.23            █
97         1          3.23            █
99         1          3.23            █
105        1          3.23            █
125        1          3.23            █
128        1          3.23            █
179        1          3.23            █
238        1          3.23            █

====================================================================================================
SECTION 5: STATISTICAL SUMMARY
====================================================================================================

COMPREHENSIVE METRICS:
----------------------------------------------------------------------------------------------------
Total Characters in Output: 2000
Total Non-Whitespace Characters: 1969
Total Whitespace Characters: 31
Total Alphabetic Characters: 1524
Total Numeric Characters: 288
Total Special Characters: 157

Total Words: 31
Unique Words: 31
Average Word Length: 63.5161
Median Word Length: 48
Minimum Word Length: 7
Maximum Word Length: 238

Unique Character Count: 69
Most Common Character: X (60 occurrences)
Least Common Character: O (17 occurrences)

====================================================================================================
SECTION 6: DETERMINISTIC GENERATION METADATA
====================================================================================================

REPRODUCIBILITY INFORMATION:
----------------------------------------------------------------------------------------------------
Input Token: X
SHA256 Hash (Full): 4b68ab3847feda7d6c62c1fbcbeebfa35eab7351ed5e78f4ddadea5df64b8015
SHA256 Hash (Short): 4b68ab3847feda7d
MD5 Hash: 02129bb861061d1a052c592e2dc6b383
Generation Algorithm: SHA256-PRNG with LCG expansion and semantic scaffolding
Reproducibility: 100% deterministic (same input always produces same output)
Engine Version: Thalos Prime Babel v2.0 - Extended Output Mode

====================================================================================================
SECTION 7: INTERPRETATION GUIDE
====================================================================================================

HOW TO READ THIS OUTPUT:
----------------------------------------------------------------------------------------------------
1. The EXPANDED TEXT section contains the full generated content based on your input.
2. Character frequency analysis shows which symbols dominate the output.
3. Word constructs are semantic building blocks derived from the input.
4. Statistical summary provides quantitative metrics for analysis.
5. All outputs are deterministic - the same input always yields the same result.

APPLICATIONS:
----------------------------------------------------------------------------------------------------
- Pattern recognition and analysis
- Semantic expansion and exploration
- Deterministic content generation
- Linguistic structure analysis
- Cross-reference validation

====================================================================================================
SECTION 8: ADDITIONAL CONTEXT AND NOTES
====================================================================================================

This output was generated by the Thalos Prime Babel Search-Expansion Engine.
The engine implements a hybrid search and deterministic expansion pipeline.
All results are reproducible and verifiable using the provided hash values.

For support or additional analysis, refer to the Thalos Prime documentation.

####################################################################################################
#                                 END OF COMPLETE ANALYSIS REPORT                                  #
####################################################################################################